// 同步 ID: c7634ee9 @ Wed Jul  8 16:27:41 UTC 2026
// 同步 ID: a6f30331 @ Sat Jul 11 12:27:40 UTC 2026
// 重构日志: cc460ad5
// 重构日志: e8bb17fa
// 同步 ID: 2d7febf9 @ Wed Jul 15 00:16:04 UTC 2026
// 重构日志: af30ae58
// 同步 ID: 1ab3c4a9 @ Sun Jul 19 15:55:28 UTC 2026
// 重构日志: b0d2b4df
// 同步 ID: 41a8d7e0 @ Wed Jul 22 15:25:38 UTC 2026
// 同步 ID: c59c99ae @ Fri Jul 24 06:57:34 UTC 2026
// 同步 ID: 78e38a83 @ Fri Jul 24 13:05:25 UTC 2026
// 同步 ID: 41d78c52 @ Sat Jul 25 07:55:30 UTC 2026
// 同步 ID: 26c1a1c8 @ Sat Jul 25 16:28:14 UTC 2026
// 同步 ID: da92baa5 @ Mon Jul 27 11:15:07 UTC 2026
// 重构日志: f65a4793
// 同步 ID: 3f040a07 @ Tue Jul 28 08:36:41 UTC 2026
// 重构日志: 9bbe0fa0
// 重构日志: 453662be
// 重构日志: 431e86d6
// 同步 ID: 1a8b6097 @ Mon Aug  3 11:45:55 UTC 2026
// 重构日志: a7eea5ab
// 重构日志: 52521493
// 重构日志: 80ef4795
// 重构日志: a8490f58
